2026-08-04 00:38:17,115 - INFO - Creating a new hero named: Bilal
2026-08-04 00:38:17,155 - INFO - select pg_catalog.version()
2026-08-04 00:38:17,155 - INFO - [raw sql] {}
2026-08-04 00:38:17,157 - INFO - select current_schema()
2026-08-04 00:38:17,157 - INFO - [raw sql] {}
2026-08-04 00:38:17,158 - INFO - show standard_conforming_strings
2026-08-04 00:38:17,158 - INFO - [raw sql] {}
2026-08-04 00:38:17,161 - INFO - BEGIN (implicit)
2026-08-04 00:38:17,163 - INFO - INSERT INTO heroes (name, secret_name, age) VALUES (%(name)s::VARCHAR, %(secret_name)s::VARCHAR, %(age)s::INTEGER) RETURNING heroes.id
2026-08-04 00:38:17,163 - INFO - [generated in 0.00017s] {'name': 'Bilal', 'secret_name': 'No Secret', 'age': 35}
2026-08-04 00:38:17,166 - INFO - COMMIT
2026-08-04 00:38:17,168 - INFO - BEGIN (implicit)
2026-08-04 00:38:17,169 - INFO - SELECT heroes.id, heroes.name, heroes.secret_name, heroes.age 
FROM heroes 
WHERE heroes.id = %(pk_1)s::INTEGER
2026-08-04 00:38:17,169 - INFO - [generated in 0.00018s] {'pk_1': 1}
2026-08-04 00:38:17,171 - INFO - ROLLBACK
2026-08-04 00:40:37,752 - INFO - select pg_catalog.version()
2026-08-04 00:40:37,752 - INFO - [raw sql] {}
2026-08-04 00:40:37,754 - INFO - select current_schema()
2026-08-04 00:40:37,754 - INFO - [raw sql] {}
2026-08-04 00:40:37,754 - INFO - show standard_conforming_strings
2026-08-04 00:40:37,754 - INFO - [raw sql] {}
2026-08-04 00:40:37,757 - INFO - BEGIN (implicit)
2026-08-04 00:40:37,759 - INFO - INSERT INTO heroes (name, secret_name, age) VALUES (%(name)s::VARCHAR, %(secret_name)s::VARCHAR, %(age)s::INTEGER) RETURNING heroes.id
2026-08-04 00:40:37,759 - INFO - [generated in 0.00020s] {'name': 'Ahmad', 'secret_name': 'Football', 'age': 2}
2026-08-04 00:40:37,761 - INFO - COMMIT
2026-08-04 00:40:37,762 - INFO - BEGIN (implicit)
2026-08-04 00:40:37,764 - INFO - SELECT heroes.id, heroes.name, heroes.secret_name, heroes.age 
FROM heroes 
WHERE heroes.id = %(pk_1)s::INTEGER
2026-08-04 00:40:37,764 - INFO - [generated in 0.00014s] {'pk_1': 2}
2026-08-04 00:40:37,766 - INFO - ROLLBACK
